{
    "Should generate inserts from truncated flanks": {
        "content": [
            "truncated_inserts.tsv:md5,8a231fb29d28f8ed2d09c30555947cbd"
        ],
        "meta": {
            "nf-test": "0.9.2",
            "nextflow": "25.04.2"
        },
        "timestamp": "2025-05-21T12:51:54.389857"
    }
}