{
    "Should generate several fastq files by genome": {
        "content": [
            "test_sample_sample_sheet.csv:md5,3af29ebe2332a427d2794ff7f1a7d53e"
        ],
        "meta": {
            "nf-test": "0.9.2",
            "nextflow": "25.04.2"
        },
        "timestamp": "2025-06-22T12:45:45.158171"
    }
}