{
    "Should generate barcode counts": {
        "content": [
            "barcode_counts.tsv:md5,123f794003cc447241814baf03f3f6e4"
        ],
        "meta": {
            "nf-test": "0.9.2",
            "nextflow": "25.04.2"
        },
        "timestamp": "2025-05-15T11:52:54.051047"
    }
}