{
    "Should map reads to vector": {
        "content": [
            "mapped_vector_stats.tsv:md5,cfecbeb9f8a363ab03f44ebcb0e1219d"
        ],
        "meta": {
            "nf-test": "0.9.2",
            "nextflow": "25.04.2"
        },
        "timestamp": "2025-05-15T13:26:43.420295"
    }
}