{
    "Should generate insert summaries and plots": {
        "content": [
            "concatenated_inserts.csv:md5,2656e79c1b1f8a54d5b1a5bf3f62d973",
            "insert_length_distribution.csv:md5,2656e79c1b1f8a54d5b1a5bf3f62d973"
        ],
        "meta": {
            "nf-test": "0.9.2",
            "nextflow": "25.04.2"
        },
        "timestamp": "2025-05-15T14:37:28.812598"
    }
}