{
    "Should plot sequencing depth": {
        "content": [
            "coverage_plot.png:md5,ffa08f1428caf1d68ecaeacb04203e67"
        ],
        "meta": {
            "nf-test": "0.9.2",
            "nextflow": "25.04.2"
        },
        "timestamp": "2025-05-15T13:27:28.968495"
    }
}