{
    "Should generate a file containing 4 plots": {
        "content": [
            "truncated_vs_intact_flanks_comparison_plot.png:md5,6dd717033bcc92525f3b50707e846317"
        ],
        "meta": {
            "nf-test": "0.9.2",
            "nextflow": "25.04.2"
        },
        "timestamp": "2025-05-30T16:18:08.982602"
    }
}